
==================================== ERRORS ====================================
___________________ ERROR collecting tests/test_scheduler.py ___________________
ImportError while importing test module '/Users/smapley/code/eric/quant-balance/tests/test_scheduler.py'.
Hint: make sure your test modules/packages have valid Python names.
Traceback:
/opt/homebrew/Cellar/python@3.13/3.13.12_1/Frameworks/Python.framework/Versions/3.13/lib/python3.13/importlib/__init__.py:88: in import_module
    return _bootstrap._gcd_import(name[level:], package, level)
           ^^^^^^^^^^^^^^^^^^^^^^^^^^^^^^^^^^^^^^^^^^^^^^^^^^^^
tests/test_scheduler.py:11: in <module>
    from quant_balance.scheduler import (
E   ImportError: cannot import name 'list_recent_signals' from 'quant_balance.scheduler' (/Users/smapley/code/eric/quant-balance/src/backend/quant_balance/scheduler.py)
=========================== short test summary info ============================
ERROR tests/test_scheduler.py
!!!!!!!!!!!!!!!!!!!!!!!!!! stopping after 1 failures !!!!!!!!!!!!!!!!!!!!!!!!!!!
1 error in 2.58s
